../Core/Src/main.c:80:5:main	8	static
../Core/Src/main.c:135:6:SystemClock_Config	72	static
../Core/Src/main.c:172:13:MX_TIM2_Init	32	static
../Core/Src/main.c:217:13:MX_USART1_UART_Init	8	static
../Core/Src/main.c:250:13:MX_GPIO_Init	32	static
../Core/Src/main.c:277:6:LED05_blink	8	static
../Core/Src/main.c:283:6:LED1_blink	8	static
../Core/Src/main.c:289:6:LED15_blink	8	static
../Core/Src/main.c:295:6:LED2_blink	8	static
../Core/Src/main.c:301:6:LED25_blink	8	static
../Core/Src/main.c:307:6:print10ms	8	static
../Core/Src/main.c:312:6:print500ms	8	static
../Core/Src/main.c:317:6:print_time	120	static
../Core/Src/main.c:329:6:Error_Handler	4	static,ignoring_inline_asm
