../Core/Src/main.c:83:5:main	8	static
../Core/Src/main.c:139:6:SystemClock_Config	72	static
../Core/Src/main.c:176:13:MX_TIM2_Init	32	static
../Core/Src/main.c:221:13:MX_USART1_UART_Init	8	static
../Core/Src/main.c:254:13:MX_GPIO_Init	32	static
../Core/Src/main.c:298:6:LED05_blink	8	static
../Core/Src/main.c:304:6:LED1_blink	8	static
../Core/Src/main.c:310:6:LED15_blink	8	static
../Core/Src/main.c:316:6:LED2_blink	8	static
../Core/Src/main.c:322:6:LED25_blink	8	static
../Core/Src/main.c:328:6:print10ms	8	static
../Core/Src/main.c:333:6:print500ms	8	static
../Core/Src/main.c:338:6:print_time	120	static
../Core/Src/main.c:350:6:Error_Handler	4	static,ignoring_inline_asm
