../Core/Src/scheduler.c:12:6:Timer_Init	8	static
../Core/Src/scheduler.c:17:6:SCH_Report_Status	4	static
../Core/Src/scheduler.c:22:6:SCH_Go_To_Sleep	4	static
../Core/Src/scheduler.c:27:6:SCH_Init	16	static
../Core/Src/scheduler.c:37:6:SCH_Update	16	static
../Core/Src/scheduler.c:61:6:SCH_Delete_Task	16	static
../Core/Src/scheduler.c:72:6:SCH_Dispatch_Tasks	16	static
../Core/Src/scheduler.c:93:6:SCH_Add_Task	32	static
../Core/Src/scheduler.c:110:9:SCH_Find_Task	24	static
../Core/Src/scheduler.c:124:6:HAL_TIM_PeriodElapsedCallback	16	static
